Int
4
3
6
5
Float
5.000000
Char
d
List
11null
215
String
aaabbbc
