aaadddccc
aaadddEEEccc
aaabbbceeeee
0: 97
1: 0
2: 0
3: 0
4: 0
5: 0
6: 0
7: 101
8: 101
9: 101
10: 101
11: 101
aqaqbqccc
aaabbbccc
0: 97
1: 113
2: 97
3: 98
4: 98
5: 98
6: 99
7: 99
8: 99
9: 0
10: 0
11: 113
